// Generated using SwiftGen, by O.Halligon â€” https://github.com/AliSoftware/SwiftGen

import Foundation
import UIKit

protocol StoryboardSceneType {
  static var storyboardName: String { get }
}

extension StoryboardSceneType {
  static func storyboard() -> UIStoryboard {
    return UIStoryboard(name: self.storyboardName, bundle: nil)
  }

  static func initialViewController() -> UIViewController {
    return storyboard().instantiateInitialViewController()!
  }
}

extension StoryboardSceneType where Self: RawRepresentable, Self.RawValue == String {
  func viewController() -> UIViewController {
    return Self.storyboard().instantiateViewControllerWithIdentifier(self.rawValue)
  }
  static func viewController(identifier: Self) -> UIViewController {
    return identifier.viewController()
  }
}

protocol StoryboardSegueType: RawRepresentable { }

extension UIViewController {
  func performSegue<S: StoryboardSegueType where S.RawValue == String>(segue: S, sender: AnyObject? = nil) {
    performSegueWithIdentifier(segue.rawValue, sender: sender)
  }
}

struct XCTStoryboardsScene {
  enum Anonymous: StoryboardSceneType {
    static let storyboardName = "Anonymous"
  }
  enum Dependency: String, StoryboardSceneType {
    static let storyboardName = "Dependency"

    case Dependent = "Dependent"
    static func dependentViewController() -> UIViewController {
      return XCTStoryboardsScene.Dependency.Dependent.viewController()
    }
  }
  enum Message: String, StoryboardSceneType {
    static let storyboardName = "Message"

    case Composer = "Composer"
    static func composerViewController() -> UIViewController {
      return XCTStoryboardsScene.Message.Composer.viewController()
    }

    case MessagesList = "MessagesList"
    static func messagesListViewController() -> UITableViewController {
      return XCTStoryboardsScene.Message.MessagesList.viewController() as! UITableViewController
    }

    case NavCtrl = "NavCtrl"
    static func navCtrlViewController() -> UINavigationController {
      return XCTStoryboardsScene.Message.NavCtrl.viewController() as! UINavigationController
    }

    case URLChooser = "URLChooser"
    static func urlChooserViewController() -> XXPickerViewController {
      return XCTStoryboardsScene.Message.URLChooser.viewController() as! XXPickerViewController
    }
  }
  enum Placeholder: String, StoryboardSceneType {
    static let storyboardName = "Placeholder"

    case Navigation = "Navigation"
    static func navigationViewController() -> UINavigationController {
      return XCTStoryboardsScene.Placeholder.Navigation.viewController() as! UINavigationController
    }
  }
  enum Wizard: String, StoryboardSceneType {
    static let storyboardName = "Wizard"

    case Accept_CGU = "Accept-CGU"
    static func acceptCGUViewController() -> UIViewController {
      return XCTStoryboardsScene.Wizard.Accept_CGU.viewController()
    }

    case CreateAccount = "CreateAccount"
    static func createAccountViewController() -> CreateAccViewController {
      return XCTStoryboardsScene.Wizard.CreateAccount.viewController() as! CreateAccViewController
    }

    case Preferences = "Preferences"
    static func preferencesViewController() -> UITableViewController {
      return XCTStoryboardsScene.Wizard.Preferences.viewController() as! UITableViewController
    }

    case Validate_Password = "Validate_Password"
    static func validatePasswordViewController() -> UIViewController {
      return XCTStoryboardsScene.Wizard.Validate_Password.viewController()
    }
  }
}

struct XCTStoryboardsSegue {
  enum Message: String, StoryboardSegueType {
    case CustomBack = "CustomBack"
    case Embed = "Embed"
    case NonCustom = "NonCustom"
    case Show_NavCtrl = "Show-NavCtrl"
  }
  enum Wizard: String, StoryboardSegueType {
    case ShowPassword = "ShowPassword"
  }
}
